Analyzing from work directory 'Compression_Analysis' .....

----------------------------------------
 Results of analyze_scan_compressibility
----------------------------------------
	Design       - TOP_DATA_WIDTH8_ADDR_WIDTH4_RF_DEPTH16_FIFO_DEPTH2048_FIFO_PTR_WIDTH11
	Decompressor - xor
	Compressor   - xor
	Mask         - wide1

Achieved compression table with fullscan top-off vectors
--------------------------------------------------------
IC    TATR   TDVR    ATCov.   CL       PAT-comp  PAT-fs    Cycles        Runtime    Gatecount    Area
-----------------------------------------------------------------------------------------------------
fs    1.0    1.0     99.99%   4248     -         2461      10475125      00:00:45   -            -
60    21.9   21.9    99.99%   71       3949      39        477386        00:01:16   737          1637.154  
80    21.9   21.9    99.99%   54       4205      51        478668        00:01:24   965          2143.998  
100   22.4   22.4    99.99%   43       4012      61        467543        00:01:27   1205         2678.202  
120   20.6   20.6    99.99%   36       4073      76        509092        00:01:36   1433         3184.362  
150   2.7    2.7     99.99%   29       3457      860       3911780       00:05:13   1781         3958.650  
200   8.2    8.2     99.99%   22       4610      255       1269737       00:02:19   2345         5211.396  

Achieved compression table without fullscan top-off vectors
-----------------------------------------------------------
IC    TATR   TDVR    ATCov.   CL       PAT-comp  PAT-fs    Cycles    Gatecount    Area
--------------------------------------------------------------------------------------
fs    1.0    1.0     99.99%   4248     -         2461      10475125      -       -    
60    34.4   34.4    99.93%   71       3949      -         304831        737     1637.154   
80    41.3   41.3    99.92%   54       4205      -         253359        965     2143.998   
100   53.0   53.0    99.90%   43       4012      -         197672        1205    2678.202   
120   60.7   60.7    99.87%   36       4073      -         172463        1433    3184.362   
150   85.4   85.4    95.94%   29       3457      -         122594        1781    3958.650   
200   79.9   79.9    99.72%   22       4610      -         131098        2345    5211.396   

Total ATPG runtime: 00:14:00 (hrs:min:sec).

IC        - Inserted compression
TATR      - Test application time reduction
TDVR      - Test data volume reduction
ATCov.    - ATPG test mode coverage
CL        - Channel length
PAT-comp  - Number of compression test patterns
PAT-fs    - Number of fullscan test patterns
Runtime   - ATPG runtime
fs        - Uncompressed (Fullscan) run


