
Design Name
===========
    TOP_DATA_WIDTH8_ADDR_WIDTH4_RF_DEPTH16_FIFO_DEPTH2048_FIFO_PTR_WIDTH11

Scan Style
==========
    muxed_scan
Design has a valid DFT rule check status

Global Constraints
==================
    Minimum number of scan chains: 80
    Maximum length of scan chains: no_value
    Lock-up element type: preferred_level_sensitive
    Mix clock edges in scan chain: false
    Prefix for unnamed scan objects: DFT_

Test signal objects
===================
    shift_enable: 
          object name: ScanEnable 
          pin name: ScanEnable 
          hookup_pin: ScanEnable 
          hookup_polarity: non_inverted 
          function: shift_enable 
          active: high 
          ideal: false 
          user defined: true

    test_mode: 
          object name: TestMode 
          pin name: TestMode 
          hookup_pin: TestMode 
          hookup_polarity: non_inverted 
          function: test_mode 
          active: high 
          ideal: false 
          user defined: true

    test_mode: 
          object name: RST_N 
          pin name: RST_N 
          hookup_pin: RST_N 
          hookup_polarity: non_inverted 
          function: async_set_reset 
          active: low 
          ideal: false 
          user defined: true


Test clock objects
==================
    test_clock:
          object name: ScanClock 
          test_clock_domain: ScanClock 
          user defined: true 
          source: REF_CLK  
          root source: REF_CLK  
          root source polarity: non_inverting
          hookup_pin: REF_CLK 
          period: 20000.0

    test_clock:
          object name: UART_CLK 
          test_clock_domain: UART_CLK 
          user defined: false 
          source: UART_CLK  
          root source: UART_CLK  
          root source polarity: non_inverting
          hookup_pin: UART_CLK 
          period: 50000.0


DFT controllable objects
========================

DFT don't scan objects
======================

DFT abstract don't scan objects
===============================

DFT scan segment constraints
============================

DFT scan chain constraints
==========================
    User Chain: 
          object name: chain_1 
          scan-in: ScanIn_1 
          scan-in hookup_pin: ScanIn_1
          scan-out: ScanOut_1 
          scan-out hookup_pin: ScanOut_1
          shared out: false 
          shift_enable object name: none
          max length: no_value
          complete: false

    User Chain: 
          object name: chain_2 
          scan-in: ScanIn_2 
          scan-in hookup_pin: ScanIn_2
          scan-out: ScanOut_2 
          scan-out hookup_pin: ScanOut_2
          shared out: false 
          shift_enable object name: none
          max length: no_value
          complete: false

    User Chain: 
          object name: chain_3 
          scan-in: ScanIn_3 
          scan-in hookup_pin: ScanIn_3
          scan-out: ScanOut_3 
          scan-out hookup_pin: ScanOut_3
          shared out: false 
          shift_enable object name: none
          max length: no_value
          complete: false

    User Chain: 
          object name: chain_4 
          scan-in: ScanIn_4 
          scan-in hookup_pin: ScanIn_4
          scan-out: ScanOut_4 
          scan-out hookup_pin: ScanOut_4
          shared out: false 
          shift_enable object name: none
          max length: no_value
          complete: false

    User Chain: 
          object name: chain_5 
          scan-in: ScanIn_5 
          scan-in hookup_pin: ScanIn_5
          scan-out: ScanOut_5 
          scan-out hookup_pin: ScanOut_5
          shared out: false 
          shift_enable object name: none
          max length: no_value
          complete: false

    User Chain: 
          object name: chain_6 
          scan-in: ScanIn_6 
          scan-in hookup_pin: ScanIn_6
          scan-out: ScanOut_6 
          scan-out hookup_pin: ScanOut_6
          shared out: false 
          shift_enable object name: none
          max length: no_value
          complete: false

    User Chain: 
          object name: chain_7 
          scan-in: ScanIn_7 
          scan-in hookup_pin: ScanIn_7
          scan-out: ScanOut_7 
          scan-out hookup_pin: ScanOut_7
          shared out: false 
          shift_enable object name: none
          max length: no_value
          complete: false

    User Chain: 
          object name: chain_8 
          scan-in: ScanIn_8 
          scan-in hookup_pin: ScanIn_8
          scan-out: ScanOut_8 
          scan-out hookup_pin: ScanOut_8
          shared out: false 
          shift_enable object name: none
          max length: no_value
          complete: false

    User Chain: 
          object name: chain_9 
          scan-in: ScanIn_9 
          scan-in hookup_pin: ScanIn_9
          scan-out: ScanOut_9 
          scan-out hookup_pin: ScanOut_9
          shared out: false 
          shift_enable object name: none
          max length: no_value
          complete: false

    User Chain: 
          object name: chain_10 
          scan-in: ScanIn_10 
          scan-in hookup_pin: ScanIn_10
          scan-out: ScanOut_10 
          scan-out hookup_pin: ScanOut_10
          shared out: false 
          shift_enable object name: none
          max length: no_value
          complete: false

    User Chain: 
          object name: chain_11 
          scan-in: ScanIn_11 
          scan-in hookup_pin: ScanIn_11
          scan-out: ScanOut_11 
          scan-out hookup_pin: ScanOut_11
          shared out: false 
          shift_enable object name: none
          max length: no_value
          complete: false

    User Chain: 
          object name: chain_12 
          scan-in: ScanIn_12 
          scan-in hookup_pin: ScanIn_12
          scan-out: ScanOut_12 
          scan-out hookup_pin: ScanOut_12
          shared out: false 
          shift_enable object name: none
          max length: no_value
          complete: false

    User Chain: 
          object name: chain_13 
          scan-in: ScanIn_13 
          scan-in hookup_pin: ScanIn_13
          scan-out: ScanOut_13 
          scan-out hookup_pin: ScanOut_13
          shared out: false 
          shift_enable object name: none
          max length: no_value
          complete: false

    User Chain: 
          object name: chain_14 
          scan-in: ScanIn_14 
          scan-in hookup_pin: ScanIn_14
          scan-out: ScanOut_14 
          scan-out hookup_pin: ScanOut_14
          shared out: false 
          shift_enable object name: none
          max length: no_value
          complete: false

    User Chain: 
          object name: chain_15 
          scan-in: ScanIn_15 
          scan-in hookup_pin: ScanIn_15
          scan-out: ScanOut_15 
          scan-out hookup_pin: ScanOut_15
          shared out: false 
          shift_enable object name: none
          max length: no_value
          complete: false

    User Chain: 
          object name: chain_16 
          scan-in: ScanIn_16 
          scan-in hookup_pin: ScanIn_16
          scan-out: ScanOut_16 
          scan-out hookup_pin: ScanOut_16
          shared out: false 
          shift_enable object name: none
          max length: no_value
          complete: false

    User Chain: 
          object name: chain_17 
          scan-in: ScanIn_17 
          scan-in hookup_pin: ScanIn_17
          scan-out: ScanOut_17 
          scan-out hookup_pin: ScanOut_17
          shared out: false 
          shift_enable object name: none
          max length: no_value
          complete: false

    User Chain: 
          object name: chain_18 
          scan-in: ScanIn_18 
          scan-in hookup_pin: ScanIn_18
          scan-out: ScanOut_18 
          scan-out hookup_pin: ScanOut_18
          shared out: false 
          shift_enable object name: none
          max length: no_value
          complete: false

    User Chain: 
          object name: chain_19 
          scan-in: ScanIn_19 
          scan-in hookup_pin: ScanIn_19
          scan-out: ScanOut_19 
          scan-out hookup_pin: ScanOut_19
          shared out: false 
          shift_enable object name: none
          max length: no_value
          complete: false

    User Chain: 
          object name: chain_20 
          scan-in: ScanIn_20 
          scan-in hookup_pin: ScanIn_20
          scan-out: ScanOut_20 
          scan-out hookup_pin: ScanOut_20
          shared out: false 
          shift_enable object name: none
          max length: no_value
          complete: false

    User Chain: 
          object name: chain_21 
          scan-in: ScanIn_21 
          scan-in hookup_pin: ScanIn_21
          scan-out: ScanOut_21 
          scan-out hookup_pin: ScanOut_21
          shared out: false 
          shift_enable object name: none
          max length: no_value
          complete: false

    User Chain: 
          object name: chain_22 
          scan-in: ScanIn_22 
          scan-in hookup_pin: ScanIn_22
          scan-out: ScanOut_22 
          scan-out hookup_pin: ScanOut_22
          shared out: false 
          shift_enable object name: none
          max length: no_value
          complete: false

    User Chain: 
          object name: chain_23 
          scan-in: ScanIn_23 
          scan-in hookup_pin: ScanIn_23
          scan-out: ScanOut_23 
          scan-out hookup_pin: ScanOut_23
          shared out: false 
          shift_enable object name: none
          max length: no_value
          complete: false

    User Chain: 
          object name: chain_24 
          scan-in: ScanIn_24 
          scan-in hookup_pin: ScanIn_24
          scan-out: ScanOut_24 
          scan-out hookup_pin: ScanOut_24
          shared out: false 
          shift_enable object name: none
          max length: no_value
          complete: false

    User Chain: 
          object name: chain_25 
          scan-in: ScanIn_25 
          scan-in hookup_pin: ScanIn_25
          scan-out: ScanOut_25 
          scan-out hookup_pin: ScanOut_25
          shared out: false 
          shift_enable object name: none
          max length: no_value
          complete: false

    User Chain: 
          object name: chain_26 
          scan-in: ScanIn_26 
          scan-in hookup_pin: ScanIn_26
          scan-out: ScanOut_26 
          scan-out hookup_pin: ScanOut_26
          shared out: false 
          shift_enable object name: none
          max length: no_value
          complete: false

    User Chain: 
          object name: chain_27 
          scan-in: ScanIn_27 
          scan-in hookup_pin: ScanIn_27
          scan-out: ScanOut_27 
          scan-out hookup_pin: ScanOut_27
          shared out: false 
          shift_enable object name: none
          max length: no_value
          complete: false

    User Chain: 
          object name: chain_28 
          scan-in: ScanIn_28 
          scan-in hookup_pin: ScanIn_28
          scan-out: ScanOut_28 
          scan-out hookup_pin: ScanOut_28
          shared out: false 
          shift_enable object name: none
          max length: no_value
          complete: false

    User Chain: 
          object name: chain_29 
          scan-in: ScanIn_29 
          scan-in hookup_pin: ScanIn_29
          scan-out: ScanOut_29 
          scan-out hookup_pin: ScanOut_29
          shared out: false 
          shift_enable object name: none
          max length: no_value
          complete: false

    User Chain: 
          object name: chain_30 
          scan-in: ScanIn_30 
          scan-in hookup_pin: ScanIn_30
          scan-out: ScanOut_30 
          scan-out hookup_pin: ScanOut_30
          shared out: false 
          shift_enable object name: none
          max length: no_value
          complete: false

    User Chain: 
          object name: chain_31 
          scan-in: ScanIn_31 
          scan-in hookup_pin: ScanIn_31
          scan-out: ScanOut_31 
          scan-out hookup_pin: ScanOut_31
          shared out: false 
          shift_enable object name: none
          max length: no_value
          complete: false

    User Chain: 
          object name: chain_32 
          scan-in: ScanIn_32 
          scan-in hookup_pin: ScanIn_32
          scan-out: ScanOut_32 
          scan-out hookup_pin: ScanOut_32
          shared out: false 
          shift_enable object name: none
          max length: no_value
          complete: false

    User Chain: 
          object name: chain_33 
          scan-in: ScanIn_33 
          scan-in hookup_pin: ScanIn_33
          scan-out: ScanOut_33 
          scan-out hookup_pin: ScanOut_33
          shared out: false 
          shift_enable object name: none
          max length: no_value
          complete: false

    User Chain: 
          object name: chain_34 
          scan-in: ScanIn_34 
          scan-in hookup_pin: ScanIn_34
          scan-out: ScanOut_34 
          scan-out hookup_pin: ScanOut_34
          shared out: false 
          shift_enable object name: none
          max length: no_value
          complete: false

    User Chain: 
          object name: chain_35 
          scan-in: ScanIn_35 
          scan-in hookup_pin: ScanIn_35
          scan-out: ScanOut_35 
          scan-out hookup_pin: ScanOut_35
          shared out: false 
          shift_enable object name: none
          max length: no_value
          complete: false

    User Chain: 
          object name: chain_36 
          scan-in: ScanIn_36 
          scan-in hookup_pin: ScanIn_36
          scan-out: ScanOut_36 
          scan-out hookup_pin: ScanOut_36
          shared out: false 
          shift_enable object name: none
          max length: no_value
          complete: false

    User Chain: 
          object name: chain_37 
          scan-in: ScanIn_37 
          scan-in hookup_pin: ScanIn_37
          scan-out: ScanOut_37 
          scan-out hookup_pin: ScanOut_37
          shared out: false 
          shift_enable object name: none
          max length: no_value
          complete: false

    User Chain: 
          object name: chain_38 
          scan-in: ScanIn_38 
          scan-in hookup_pin: ScanIn_38
          scan-out: ScanOut_38 
          scan-out hookup_pin: ScanOut_38
          shared out: false 
          shift_enable object name: none
          max length: no_value
          complete: false

    User Chain: 
          object name: chain_39 
          scan-in: ScanIn_39 
          scan-in hookup_pin: ScanIn_39
          scan-out: ScanOut_39 
          scan-out hookup_pin: ScanOut_39
          shared out: false 
          shift_enable object name: none
          max length: no_value
          complete: false

    User Chain: 
          object name: chain_40 
          scan-in: ScanIn_40 
          scan-in hookup_pin: ScanIn_40
          scan-out: ScanOut_40 
          scan-out hookup_pin: ScanOut_40
          shared out: false 
          shift_enable object name: none
          max length: no_value
          complete: false

    User Chain: 
          object name: chain_41 
          scan-in: ScanIn_41 
          scan-in hookup_pin: ScanIn_41
          scan-out: ScanOut_41 
          scan-out hookup_pin: ScanOut_41
          shared out: false 
          shift_enable object name: none
          max length: no_value
          complete: false

    User Chain: 
          object name: chain_42 
          scan-in: ScanIn_42 
          scan-in hookup_pin: ScanIn_42
          scan-out: ScanOut_42 
          scan-out hookup_pin: ScanOut_42
          shared out: false 
          shift_enable object name: none
          max length: no_value
          complete: false

    User Chain: 
          object name: chain_43 
          scan-in: ScanIn_43 
          scan-in hookup_pin: ScanIn_43
          scan-out: ScanOut_43 
          scan-out hookup_pin: ScanOut_43
          shared out: false 
          shift_enable object name: none
          max length: no_value
          complete: false

    User Chain: 
          object name: chain_44 
          scan-in: ScanIn_44 
          scan-in hookup_pin: ScanIn_44
          scan-out: ScanOut_44 
          scan-out hookup_pin: ScanOut_44
          shared out: false 
          shift_enable object name: none
          max length: no_value
          complete: false

    User Chain: 
          object name: chain_45 
          scan-in: ScanIn_45 
          scan-in hookup_pin: ScanIn_45
          scan-out: ScanOut_45 
          scan-out hookup_pin: ScanOut_45
          shared out: false 
          shift_enable object name: none
          max length: no_value
          complete: false

    User Chain: 
          object name: chain_46 
          scan-in: ScanIn_46 
          scan-in hookup_pin: ScanIn_46
          scan-out: ScanOut_46 
          scan-out hookup_pin: ScanOut_46
          shared out: false 
          shift_enable object name: none
          max length: no_value
          complete: false

    User Chain: 
          object name: chain_47 
          scan-in: ScanIn_47 
          scan-in hookup_pin: ScanIn_47
          scan-out: ScanOut_47 
          scan-out hookup_pin: ScanOut_47
          shared out: false 
          shift_enable object name: none
          max length: no_value
          complete: false

    User Chain: 
          object name: chain_48 
          scan-in: ScanIn_48 
          scan-in hookup_pin: ScanIn_48
          scan-out: ScanOut_48 
          scan-out hookup_pin: ScanOut_48
          shared out: false 
          shift_enable object name: none
          max length: no_value
          complete: false

    User Chain: 
          object name: chain_49 
          scan-in: ScanIn_49 
          scan-in hookup_pin: ScanIn_49
          scan-out: ScanOut_49 
          scan-out hookup_pin: ScanOut_49
          shared out: false 
          shift_enable object name: none
          max length: no_value
          complete: false

    User Chain: 
          object name: chain_50 
          scan-in: ScanIn_50 
          scan-in hookup_pin: ScanIn_50
          scan-out: ScanOut_50 
          scan-out hookup_pin: ScanOut_50
          shared out: false 
          shift_enable object name: none
          max length: no_value
          complete: false

    User Chain: 
          object name: chain_51 
          scan-in: ScanIn_51 
          scan-in hookup_pin: ScanIn_51
          scan-out: ScanOut_51 
          scan-out hookup_pin: ScanOut_51
          shared out: false 
          shift_enable object name: none
          max length: no_value
          complete: false

    User Chain: 
          object name: chain_52 
          scan-in: ScanIn_52 
          scan-in hookup_pin: ScanIn_52
          scan-out: ScanOut_52 
          scan-out hookup_pin: ScanOut_52
          shared out: false 
          shift_enable object name: none
          max length: no_value
          complete: false

    User Chain: 
          object name: chain_53 
          scan-in: ScanIn_53 
          scan-in hookup_pin: ScanIn_53
          scan-out: ScanOut_53 
          scan-out hookup_pin: ScanOut_53
          shared out: false 
          shift_enable object name: none
          max length: no_value
          complete: false

    User Chain: 
          object name: chain_54 
          scan-in: ScanIn_54 
          scan-in hookup_pin: ScanIn_54
          scan-out: ScanOut_54 
          scan-out hookup_pin: ScanOut_54
          shared out: false 
          shift_enable object name: none
          max length: no_value
          complete: false

    User Chain: 
          object name: chain_55 
          scan-in: ScanIn_55 
          scan-in hookup_pin: ScanIn_55
          scan-out: ScanOut_55 
          scan-out hookup_pin: ScanOut_55
          shared out: false 
          shift_enable object name: none
          max length: no_value
          complete: false

    User Chain: 
          object name: chain_56 
          scan-in: ScanIn_56 
          scan-in hookup_pin: ScanIn_56
          scan-out: ScanOut_56 
          scan-out hookup_pin: ScanOut_56
          shared out: false 
          shift_enable object name: none
          max length: no_value
          complete: false

    User Chain: 
          object name: chain_57 
          scan-in: ScanIn_57 
          scan-in hookup_pin: ScanIn_57
          scan-out: ScanOut_57 
          scan-out hookup_pin: ScanOut_57
          shared out: false 
          shift_enable object name: none
          max length: no_value
          complete: false

    User Chain: 
          object name: chain_58 
          scan-in: ScanIn_58 
          scan-in hookup_pin: ScanIn_58
          scan-out: ScanOut_58 
          scan-out hookup_pin: ScanOut_58
          shared out: false 
          shift_enable object name: none
          max length: no_value
          complete: false

    User Chain: 
          object name: chain_59 
          scan-in: ScanIn_59 
          scan-in hookup_pin: ScanIn_59
          scan-out: ScanOut_59 
          scan-out hookup_pin: ScanOut_59
          shared out: false 
          shift_enable object name: none
          max length: no_value
          complete: false

    User Chain: 
          object name: chain_60 
          scan-in: ScanIn_60 
          scan-in hookup_pin: ScanIn_60
          scan-out: ScanOut_60 
          scan-out hookup_pin: ScanOut_60
          shared out: false 
          shift_enable object name: none
          max length: no_value
          complete: false

    User Chain: 
          object name: chain_61 
          scan-in: ScanIn_61 
          scan-in hookup_pin: ScanIn_61
          scan-out: ScanOut_61 
          scan-out hookup_pin: ScanOut_61
          shared out: false 
          shift_enable object name: none
          max length: no_value
          complete: false

    User Chain: 
          object name: chain_62 
          scan-in: ScanIn_62 
          scan-in hookup_pin: ScanIn_62
          scan-out: ScanOut_62 
          scan-out hookup_pin: ScanOut_62
          shared out: false 
          shift_enable object name: none
          max length: no_value
          complete: false

    User Chain: 
          object name: chain_63 
          scan-in: ScanIn_63 
          scan-in hookup_pin: ScanIn_63
          scan-out: ScanOut_63 
          scan-out hookup_pin: ScanOut_63
          shared out: false 
          shift_enable object name: none
          max length: no_value
          complete: false

    User Chain: 
          object name: chain_64 
          scan-in: ScanIn_64 
          scan-in hookup_pin: ScanIn_64
          scan-out: ScanOut_64 
          scan-out hookup_pin: ScanOut_64
          shared out: false 
          shift_enable object name: none
          max length: no_value
          complete: false

    User Chain: 
          object name: chain_65 
          scan-in: ScanIn_65 
          scan-in hookup_pin: ScanIn_65
          scan-out: ScanOut_65 
          scan-out hookup_pin: ScanOut_65
          shared out: false 
          shift_enable object name: none
          max length: no_value
          complete: false

    User Chain: 
          object name: chain_66 
          scan-in: ScanIn_66 
          scan-in hookup_pin: ScanIn_66
          scan-out: ScanOut_66 
          scan-out hookup_pin: ScanOut_66
          shared out: false 
          shift_enable object name: none
          max length: no_value
          complete: false

    User Chain: 
          object name: chain_67 
          scan-in: ScanIn_67 
          scan-in hookup_pin: ScanIn_67
          scan-out: ScanOut_67 
          scan-out hookup_pin: ScanOut_67
          shared out: false 
          shift_enable object name: none
          max length: no_value
          complete: false

    User Chain: 
          object name: chain_68 
          scan-in: ScanIn_68 
          scan-in hookup_pin: ScanIn_68
          scan-out: ScanOut_68 
          scan-out hookup_pin: ScanOut_68
          shared out: false 
          shift_enable object name: none
          max length: no_value
          complete: false

    User Chain: 
          object name: chain_69 
          scan-in: ScanIn_69 
          scan-in hookup_pin: ScanIn_69
          scan-out: ScanOut_69 
          scan-out hookup_pin: ScanOut_69
          shared out: false 
          shift_enable object name: none
          max length: no_value
          complete: false

    User Chain: 
          object name: chain_70 
          scan-in: ScanIn_70 
          scan-in hookup_pin: ScanIn_70
          scan-out: ScanOut_70 
          scan-out hookup_pin: ScanOut_70
          shared out: false 
          shift_enable object name: none
          max length: no_value
          complete: false

    User Chain: 
          object name: chain_71 
          scan-in: ScanIn_71 
          scan-in hookup_pin: ScanIn_71
          scan-out: ScanOut_71 
          scan-out hookup_pin: ScanOut_71
          shared out: false 
          shift_enable object name: none
          max length: no_value
          complete: false

    User Chain: 
          object name: chain_72 
          scan-in: ScanIn_72 
          scan-in hookup_pin: ScanIn_72
          scan-out: ScanOut_72 
          scan-out hookup_pin: ScanOut_72
          shared out: false 
          shift_enable object name: none
          max length: no_value
          complete: false

    User Chain: 
          object name: chain_73 
          scan-in: ScanIn_73 
          scan-in hookup_pin: ScanIn_73
          scan-out: ScanOut_73 
          scan-out hookup_pin: ScanOut_73
          shared out: false 
          shift_enable object name: none
          max length: no_value
          complete: false

    User Chain: 
          object name: chain_74 
          scan-in: ScanIn_74 
          scan-in hookup_pin: ScanIn_74
          scan-out: ScanOut_74 
          scan-out hookup_pin: ScanOut_74
          shared out: false 
          shift_enable object name: none
          max length: no_value
          complete: false

    User Chain: 
          object name: chain_75 
          scan-in: ScanIn_75 
          scan-in hookup_pin: ScanIn_75
          scan-out: ScanOut_75 
          scan-out hookup_pin: ScanOut_75
          shared out: false 
          shift_enable object name: none
          max length: no_value
          complete: false

    User Chain: 
          object name: chain_76 
          scan-in: ScanIn_76 
          scan-in hookup_pin: ScanIn_76
          scan-out: ScanOut_76 
          scan-out hookup_pin: ScanOut_76
          shared out: false 
          shift_enable object name: none
          max length: no_value
          complete: false

    User Chain: 
          object name: chain_77 
          scan-in: ScanIn_77 
          scan-in hookup_pin: ScanIn_77
          scan-out: ScanOut_77 
          scan-out hookup_pin: ScanOut_77
          shared out: false 
          shift_enable object name: none
          max length: no_value
          complete: false

    User Chain: 
          object name: chain_78 
          scan-in: ScanIn_78 
          scan-in hookup_pin: ScanIn_78
          scan-out: ScanOut_78 
          scan-out hookup_pin: ScanOut_78
          shared out: false 
          shift_enable object name: none
          max length: no_value
          complete: false

    User Chain: 
          object name: chain_79 
          scan-in: ScanIn_79 
          scan-in hookup_pin: ScanIn_79
          scan-out: ScanOut_79 
          scan-out hookup_pin: ScanOut_79
          shared out: false 
          shift_enable object name: none
          max length: no_value
          complete: false

    User Chain: 
          object name: chain_80 
          scan-in: ScanIn_80 
          scan-in hookup_pin: ScanIn_80
          scan-out: ScanOut_80 
          scan-out hookup_pin: ScanOut_80
          shared out: false 
          shift_enable object name: none
          max length: no_value
          complete: false


DFT actual scan chains
======================
    Actual Chain:
          object name: chain_1 
          scan-in: ScanIn_1 
          scan-in hookup_pin: ScanIn_1 
          scan-out: ScanOut_1 
          scan-out hookup_pin: ScanOut_1 
          shared out: false
          shift_enable: ScanEnable 
          length: 107
          segment objects: none
          analyzed: false
          test_clock domain: ScanClock
          test_clock edge: rise

    Actual Chain:
          object name: chain_2 
          scan-in: ScanIn_2 
          scan-in hookup_pin: ScanIn_2 
          scan-out: ScanOut_2 
          scan-out hookup_pin: ScanOut_2 
          shared out: false
          shift_enable: ScanEnable 
          length: 96
          segment objects: none
          analyzed: false
          test_clock domain: UART_CLK
          test_clock edge: rise

    Actual Chain:
          object name: chain_3 
          scan-in: ScanIn_3 
          scan-in hookup_pin: ScanIn_3 
          scan-out: ScanOut_3 
          scan-out hookup_pin: ScanOut_3 
          shared out: false
          shift_enable: ScanEnable 
          length: 107
          segment objects: none
          analyzed: false
          test_clock domain: ScanClock
          test_clock edge: rise

    Actual Chain:
          object name: chain_4 
          scan-in: ScanIn_4 
          scan-in hookup_pin: ScanIn_4 
          scan-out: ScanOut_4 
          scan-out hookup_pin: ScanOut_4 
          shared out: false
          shift_enable: ScanEnable 
          length: 107
          segment objects: none
          analyzed: false
          test_clock domain: ScanClock
          test_clock edge: rise

    Actual Chain:
          object name: chain_5 
          scan-in: ScanIn_5 
          scan-in hookup_pin: ScanIn_5 
          scan-out: ScanOut_5 
          scan-out hookup_pin: ScanOut_5 
          shared out: false
          shift_enable: ScanEnable 
          length: 107
          segment objects: none
          analyzed: false
          test_clock domain: ScanClock
          test_clock edge: rise

    Actual Chain:
          object name: chain_6 
          scan-in: ScanIn_6 
          scan-in hookup_pin: ScanIn_6 
          scan-out: ScanOut_6 
          scan-out hookup_pin: ScanOut_6 
          shared out: false
          shift_enable: ScanEnable 
          length: 107
          segment objects: none
          analyzed: false
          test_clock domain: ScanClock
          test_clock edge: rise

    Actual Chain:
          object name: chain_7 
          scan-in: ScanIn_7 
          scan-in hookup_pin: ScanIn_7 
          scan-out: ScanOut_7 
          scan-out hookup_pin: ScanOut_7 
          shared out: false
          shift_enable: ScanEnable 
          length: 107
          segment objects: none
          analyzed: false
          test_clock domain: ScanClock
          test_clock edge: rise

    Actual Chain:
          object name: chain_8 
          scan-in: ScanIn_8 
          scan-in hookup_pin: ScanIn_8 
          scan-out: ScanOut_8 
          scan-out hookup_pin: ScanOut_8 
          shared out: false
          shift_enable: ScanEnable 
          length: 107
          segment objects: none
          analyzed: false
          test_clock domain: ScanClock
          test_clock edge: rise

    Actual Chain:
          object name: chain_9 
          scan-in: ScanIn_9 
          scan-in hookup_pin: ScanIn_9 
          scan-out: ScanOut_9 
          scan-out hookup_pin: ScanOut_9 
          shared out: false
          shift_enable: ScanEnable 
          length: 107
          segment objects: none
          analyzed: false
          test_clock domain: ScanClock
          test_clock edge: rise

    Actual Chain:
          object name: chain_10 
          scan-in: ScanIn_10 
          scan-in hookup_pin: ScanIn_10 
          scan-out: ScanOut_10 
          scan-out hookup_pin: ScanOut_10 
          shared out: false
          shift_enable: ScanEnable 
          length: 107
          segment objects: none
          analyzed: false
          test_clock domain: ScanClock
          test_clock edge: rise

    Actual Chain:
          object name: chain_11 
          scan-in: ScanIn_11 
          scan-in hookup_pin: ScanIn_11 
          scan-out: ScanOut_11 
          scan-out hookup_pin: ScanOut_11 
          shared out: false
          shift_enable: ScanEnable 
          length: 107
          segment objects: none
          analyzed: false
          test_clock domain: ScanClock
          test_clock edge: rise

    Actual Chain:
          object name: chain_12 
          scan-in: ScanIn_12 
          scan-in hookup_pin: ScanIn_12 
          scan-out: ScanOut_12 
          scan-out hookup_pin: ScanOut_12 
          shared out: false
          shift_enable: ScanEnable 
          length: 107
          segment objects: none
          analyzed: false
          test_clock domain: ScanClock
          test_clock edge: rise

    Actual Chain:
          object name: chain_13 
          scan-in: ScanIn_13 
          scan-in hookup_pin: ScanIn_13 
          scan-out: ScanOut_13 
          scan-out hookup_pin: ScanOut_13 
          shared out: false
          shift_enable: ScanEnable 
          length: 107
          segment objects: none
          analyzed: false
          test_clock domain: ScanClock
          test_clock edge: rise

    Actual Chain:
          object name: chain_14 
          scan-in: ScanIn_14 
          scan-in hookup_pin: ScanIn_14 
          scan-out: ScanOut_14 
          scan-out hookup_pin: ScanOut_14 
          shared out: false
          shift_enable: ScanEnable 
          length: 107
          segment objects: none
          analyzed: false
          test_clock domain: ScanClock
          test_clock edge: rise

    Actual Chain:
          object name: chain_15 
          scan-in: ScanIn_15 
          scan-in hookup_pin: ScanIn_15 
          scan-out: ScanOut_15 
          scan-out hookup_pin: ScanOut_15 
          shared out: false
          shift_enable: ScanEnable 
          length: 107
          segment objects: none
          analyzed: false
          test_clock domain: ScanClock
          test_clock edge: rise

    Actual Chain:
          object name: chain_16 
          scan-in: ScanIn_16 
          scan-in hookup_pin: ScanIn_16 
          scan-out: ScanOut_16 
          scan-out hookup_pin: ScanOut_16 
          shared out: false
          shift_enable: ScanEnable 
          length: 107
          segment objects: none
          analyzed: false
          test_clock domain: ScanClock
          test_clock edge: rise

    Actual Chain:
          object name: chain_17 
          scan-in: ScanIn_17 
          scan-in hookup_pin: ScanIn_17 
          scan-out: ScanOut_17 
          scan-out hookup_pin: ScanOut_17 
          shared out: false
          shift_enable: ScanEnable 
          length: 107
          segment objects: none
          analyzed: false
          test_clock domain: ScanClock
          test_clock edge: rise

    Actual Chain:
          object name: chain_18 
          scan-in: ScanIn_18 
          scan-in hookup_pin: ScanIn_18 
          scan-out: ScanOut_18 
          scan-out hookup_pin: ScanOut_18 
          shared out: false
          shift_enable: ScanEnable 
          length: 107
          segment objects: none
          analyzed: false
          test_clock domain: ScanClock
          test_clock edge: rise

    Actual Chain:
          object name: chain_19 
          scan-in: ScanIn_19 
          scan-in hookup_pin: ScanIn_19 
          scan-out: ScanOut_19 
          scan-out hookup_pin: ScanOut_19 
          shared out: false
          shift_enable: ScanEnable 
          length: 107
          segment objects: none
          analyzed: false
          test_clock domain: ScanClock
          test_clock edge: rise

    Actual Chain:
          object name: chain_20 
          scan-in: ScanIn_20 
          scan-in hookup_pin: ScanIn_20 
          scan-out: ScanOut_20 
          scan-out hookup_pin: ScanOut_20 
          shared out: false
          shift_enable: ScanEnable 
          length: 107
          segment objects: none
          analyzed: false
          test_clock domain: ScanClock
          test_clock edge: rise

    Actual Chain:
          object name: chain_21 
          scan-in: ScanIn_21 
          scan-in hookup_pin: ScanIn_21 
          scan-out: ScanOut_21 
          scan-out hookup_pin: ScanOut_21 
          shared out: false
          shift_enable: ScanEnable 
          length: 107
          segment objects: none
          analyzed: false
          test_clock domain: ScanClock
          test_clock edge: rise

    Actual Chain:
          object name: chain_22 
          scan-in: ScanIn_22 
          scan-in hookup_pin: ScanIn_22 
          scan-out: ScanOut_22 
          scan-out hookup_pin: ScanOut_22 
          shared out: false
          shift_enable: ScanEnable 
          length: 107
          segment objects: none
          analyzed: false
          test_clock domain: ScanClock
          test_clock edge: rise

    Actual Chain:
          object name: chain_23 
          scan-in: ScanIn_23 
          scan-in hookup_pin: ScanIn_23 
          scan-out: ScanOut_23 
          scan-out hookup_pin: ScanOut_23 
          shared out: false
          shift_enable: ScanEnable 
          length: 107
          segment objects: none
          analyzed: false
          test_clock domain: ScanClock
          test_clock edge: rise

    Actual Chain:
          object name: chain_24 
          scan-in: ScanIn_24 
          scan-in hookup_pin: ScanIn_24 
          scan-out: ScanOut_24 
          scan-out hookup_pin: ScanOut_24 
          shared out: false
          shift_enable: ScanEnable 
          length: 107
          segment objects: none
          analyzed: false
          test_clock domain: ScanClock
          test_clock edge: rise

    Actual Chain:
          object name: chain_25 
          scan-in: ScanIn_25 
          scan-in hookup_pin: ScanIn_25 
          scan-out: ScanOut_25 
          scan-out hookup_pin: ScanOut_25 
          shared out: false
          shift_enable: ScanEnable 
          length: 107
          segment objects: none
          analyzed: false
          test_clock domain: ScanClock
          test_clock edge: rise

    Actual Chain:
          object name: chain_26 
          scan-in: ScanIn_26 
          scan-in hookup_pin: ScanIn_26 
          scan-out: ScanOut_26 
          scan-out hookup_pin: ScanOut_26 
          shared out: false
          shift_enable: ScanEnable 
          length: 107
          segment objects: none
          analyzed: false
          test_clock domain: ScanClock
          test_clock edge: rise

    Actual Chain:
          object name: chain_27 
          scan-in: ScanIn_27 
          scan-in hookup_pin: ScanIn_27 
          scan-out: ScanOut_27 
          scan-out hookup_pin: ScanOut_27 
          shared out: false
          shift_enable: ScanEnable 
          length: 106
          segment objects: none
          analyzed: false
          test_clock domain: ScanClock
          test_clock edge: rise

    Actual Chain:
          object name: chain_28 
          scan-in: ScanIn_28 
          scan-in hookup_pin: ScanIn_28 
          scan-out: ScanOut_28 
          scan-out hookup_pin: ScanOut_28 
          shared out: false
          shift_enable: ScanEnable 
          length: 106
          segment objects: none
          analyzed: false
          test_clock domain: ScanClock
          test_clock edge: rise

    Actual Chain:
          object name: chain_29 
          scan-in: ScanIn_29 
          scan-in hookup_pin: ScanIn_29 
          scan-out: ScanOut_29 
          scan-out hookup_pin: ScanOut_29 
          shared out: false
          shift_enable: ScanEnable 
          length: 106
          segment objects: none
          analyzed: false
          test_clock domain: ScanClock
          test_clock edge: rise

    Actual Chain:
          object name: chain_30 
          scan-in: ScanIn_30 
          scan-in hookup_pin: ScanIn_30 
          scan-out: ScanOut_30 
          scan-out hookup_pin: ScanOut_30 
          shared out: false
          shift_enable: ScanEnable 
          length: 106
          segment objects: none
          analyzed: false
          test_clock domain: ScanClock
          test_clock edge: rise

    Actual Chain:
          object name: chain_31 
          scan-in: ScanIn_31 
          scan-in hookup_pin: ScanIn_31 
          scan-out: ScanOut_31 
          scan-out hookup_pin: ScanOut_31 
          shared out: false
          shift_enable: ScanEnable 
          length: 106
          segment objects: none
          analyzed: false
          test_clock domain: ScanClock
          test_clock edge: rise

    Actual Chain:
          object name: chain_32 
          scan-in: ScanIn_32 
          scan-in hookup_pin: ScanIn_32 
          scan-out: ScanOut_32 
          scan-out hookup_pin: ScanOut_32 
          shared out: false
          shift_enable: ScanEnable 
          length: 106
          segment objects: none
          analyzed: false
          test_clock domain: ScanClock
          test_clock edge: rise

    Actual Chain:
          object name: chain_33 
          scan-in: ScanIn_33 
          scan-in hookup_pin: ScanIn_33 
          scan-out: ScanOut_33 
          scan-out hookup_pin: ScanOut_33 
          shared out: false
          shift_enable: ScanEnable 
          length: 106
          segment objects: none
          analyzed: false
          test_clock domain: ScanClock
          test_clock edge: rise

    Actual Chain:
          object name: chain_34 
          scan-in: ScanIn_34 
          scan-in hookup_pin: ScanIn_34 
          scan-out: ScanOut_34 
          scan-out hookup_pin: ScanOut_34 
          shared out: false
          shift_enable: ScanEnable 
          length: 106
          segment objects: none
          analyzed: false
          test_clock domain: ScanClock
          test_clock edge: rise

    Actual Chain:
          object name: chain_35 
          scan-in: ScanIn_35 
          scan-in hookup_pin: ScanIn_35 
          scan-out: ScanOut_35 
          scan-out hookup_pin: ScanOut_35 
          shared out: false
          shift_enable: ScanEnable 
          length: 106
          segment objects: none
          analyzed: false
          test_clock domain: ScanClock
          test_clock edge: rise

    Actual Chain:
          object name: chain_36 
          scan-in: ScanIn_36 
          scan-in hookup_pin: ScanIn_36 
          scan-out: ScanOut_36 
          scan-out hookup_pin: ScanOut_36 
          shared out: false
          shift_enable: ScanEnable 
          length: 106
          segment objects: none
          analyzed: false
          test_clock domain: ScanClock
          test_clock edge: rise

    Actual Chain:
          object name: chain_37 
          scan-in: ScanIn_37 
          scan-in hookup_pin: ScanIn_37 
          scan-out: ScanOut_37 
          scan-out hookup_pin: ScanOut_37 
          shared out: false
          shift_enable: ScanEnable 
          length: 106
          segment objects: none
          analyzed: false
          test_clock domain: ScanClock
          test_clock edge: rise

    Actual Chain:
          object name: chain_38 
          scan-in: ScanIn_38 
          scan-in hookup_pin: ScanIn_38 
          scan-out: ScanOut_38 
          scan-out hookup_pin: ScanOut_38 
          shared out: false
          shift_enable: ScanEnable 
          length: 106
          segment objects: none
          analyzed: false
          test_clock domain: ScanClock
          test_clock edge: rise

    Actual Chain:
          object name: chain_39 
          scan-in: ScanIn_39 
          scan-in hookup_pin: ScanIn_39 
          scan-out: ScanOut_39 
          scan-out hookup_pin: ScanOut_39 
          shared out: false
          shift_enable: ScanEnable 
          length: 106
          segment objects: none
          analyzed: false
          test_clock domain: ScanClock
          test_clock edge: rise

    Actual Chain:
          object name: chain_40 
          scan-in: ScanIn_40 
          scan-in hookup_pin: ScanIn_40 
          scan-out: ScanOut_40 
          scan-out hookup_pin: ScanOut_40 
          shared out: false
          shift_enable: ScanEnable 
          length: 106
          segment objects: none
          analyzed: false
          test_clock domain: ScanClock
          test_clock edge: rise

    Actual Chain:
          object name: chain_41 
          scan-in: ScanIn_41 
          scan-in hookup_pin: ScanIn_41 
          scan-out: ScanOut_41 
          scan-out hookup_pin: ScanOut_41 
          shared out: false
          shift_enable: ScanEnable 
          length: 106
          segment objects: none
          analyzed: false
          test_clock domain: ScanClock
          test_clock edge: rise

    Actual Chain:
          object name: chain_42 
          scan-in: ScanIn_42 
          scan-in hookup_pin: ScanIn_42 
          scan-out: ScanOut_42 
          scan-out hookup_pin: ScanOut_42 
          shared out: false
          shift_enable: ScanEnable 
          length: 106
          segment objects: none
          analyzed: false
          test_clock domain: ScanClock
          test_clock edge: rise

    Actual Chain:
          object name: chain_43 
          scan-in: ScanIn_43 
          scan-in hookup_pin: ScanIn_43 
          scan-out: ScanOut_43 
          scan-out hookup_pin: ScanOut_43 
          shared out: false
          shift_enable: ScanEnable 
          length: 106
          segment objects: none
          analyzed: false
          test_clock domain: ScanClock
          test_clock edge: rise

    Actual Chain:
          object name: chain_44 
          scan-in: ScanIn_44 
          scan-in hookup_pin: ScanIn_44 
          scan-out: ScanOut_44 
          scan-out hookup_pin: ScanOut_44 
          shared out: false
          shift_enable: ScanEnable 
          length: 106
          segment objects: none
          analyzed: false
          test_clock domain: ScanClock
          test_clock edge: rise

    Actual Chain:
          object name: chain_45 
          scan-in: ScanIn_45 
          scan-in hookup_pin: ScanIn_45 
          scan-out: ScanOut_45 
          scan-out hookup_pin: ScanOut_45 
          shared out: false
          shift_enable: ScanEnable 
          length: 106
          segment objects: none
          analyzed: false
          test_clock domain: ScanClock
          test_clock edge: rise

    Actual Chain:
          object name: chain_46 
          scan-in: ScanIn_46 
          scan-in hookup_pin: ScanIn_46 
          scan-out: ScanOut_46 
          scan-out hookup_pin: ScanOut_46 
          shared out: false
          shift_enable: ScanEnable 
          length: 106
          segment objects: none
          analyzed: false
          test_clock domain: ScanClock
          test_clock edge: rise

    Actual Chain:
          object name: chain_47 
          scan-in: ScanIn_47 
          scan-in hookup_pin: ScanIn_47 
          scan-out: ScanOut_47 
          scan-out hookup_pin: ScanOut_47 
          shared out: false
          shift_enable: ScanEnable 
          length: 106
          segment objects: none
          analyzed: false
          test_clock domain: ScanClock
          test_clock edge: rise

    Actual Chain:
          object name: chain_48 
          scan-in: ScanIn_48 
          scan-in hookup_pin: ScanIn_48 
          scan-out: ScanOut_48 
          scan-out hookup_pin: ScanOut_48 
          shared out: false
          shift_enable: ScanEnable 
          length: 106
          segment objects: none
          analyzed: false
          test_clock domain: ScanClock
          test_clock edge: rise

    Actual Chain:
          object name: chain_49 
          scan-in: ScanIn_49 
          scan-in hookup_pin: ScanIn_49 
          scan-out: ScanOut_49 
          scan-out hookup_pin: ScanOut_49 
          shared out: false
          shift_enable: ScanEnable 
          length: 106
          segment objects: none
          analyzed: false
          test_clock domain: ScanClock
          test_clock edge: rise

    Actual Chain:
          object name: chain_50 
          scan-in: ScanIn_50 
          scan-in hookup_pin: ScanIn_50 
          scan-out: ScanOut_50 
          scan-out hookup_pin: ScanOut_50 
          shared out: false
          shift_enable: ScanEnable 
          length: 106
          segment objects: none
          analyzed: false
          test_clock domain: ScanClock
          test_clock edge: rise

    Actual Chain:
          object name: chain_51 
          scan-in: ScanIn_51 
          scan-in hookup_pin: ScanIn_51 
          scan-out: ScanOut_51 
          scan-out hookup_pin: ScanOut_51 
          shared out: false
          shift_enable: ScanEnable 
          length: 106
          segment objects: none
          analyzed: false
          test_clock domain: ScanClock
          test_clock edge: rise

    Actual Chain:
          object name: chain_52 
          scan-in: ScanIn_52 
          scan-in hookup_pin: ScanIn_52 
          scan-out: ScanOut_52 
          scan-out hookup_pin: ScanOut_52 
          shared out: false
          shift_enable: ScanEnable 
          length: 106
          segment objects: none
          analyzed: false
          test_clock domain: ScanClock
          test_clock edge: rise

    Actual Chain:
          object name: chain_53 
          scan-in: ScanIn_53 
          scan-in hookup_pin: ScanIn_53 
          scan-out: ScanOut_53 
          scan-out hookup_pin: ScanOut_53 
          shared out: false
          shift_enable: ScanEnable 
          length: 106
          segment objects: none
          analyzed: false
          test_clock domain: ScanClock
          test_clock edge: rise

    Actual Chain:
          object name: chain_54 
          scan-in: ScanIn_54 
          scan-in hookup_pin: ScanIn_54 
          scan-out: ScanOut_54 
          scan-out hookup_pin: ScanOut_54 
          shared out: false
          shift_enable: ScanEnable 
          length: 106
          segment objects: none
          analyzed: false
          test_clock domain: ScanClock
          test_clock edge: rise

    Actual Chain:
          object name: chain_55 
          scan-in: ScanIn_55 
          scan-in hookup_pin: ScanIn_55 
          scan-out: ScanOut_55 
          scan-out hookup_pin: ScanOut_55 
          shared out: false
          shift_enable: ScanEnable 
          length: 106
          segment objects: none
          analyzed: false
          test_clock domain: ScanClock
          test_clock edge: rise

    Actual Chain:
          object name: chain_56 
          scan-in: ScanIn_56 
          scan-in hookup_pin: ScanIn_56 
          scan-out: ScanOut_56 
          scan-out hookup_pin: ScanOut_56 
          shared out: false
          shift_enable: ScanEnable 
          length: 106
          segment objects: none
          analyzed: false
          test_clock domain: ScanClock
          test_clock edge: rise

    Actual Chain:
          object name: chain_57 
          scan-in: ScanIn_57 
          scan-in hookup_pin: ScanIn_57 
          scan-out: ScanOut_57 
          scan-out hookup_pin: ScanOut_57 
          shared out: false
          shift_enable: ScanEnable 
          length: 106
          segment objects: none
          analyzed: false
          test_clock domain: ScanClock
          test_clock edge: rise

    Actual Chain:
          object name: chain_58 
          scan-in: ScanIn_58 
          scan-in hookup_pin: ScanIn_58 
          scan-out: ScanOut_58 
          scan-out hookup_pin: ScanOut_58 
          shared out: false
          shift_enable: ScanEnable 
          length: 106
          segment objects: none
          analyzed: false
          test_clock domain: ScanClock
          test_clock edge: rise

    Actual Chain:
          object name: chain_59 
          scan-in: ScanIn_59 
          scan-in hookup_pin: ScanIn_59 
          scan-out: ScanOut_59 
          scan-out hookup_pin: ScanOut_59 
          shared out: false
          shift_enable: ScanEnable 
          length: 106
          segment objects: none
          analyzed: false
          test_clock domain: ScanClock
          test_clock edge: rise

    Actual Chain:
          object name: chain_60 
          scan-in: ScanIn_60 
          scan-in hookup_pin: ScanIn_60 
          scan-out: ScanOut_60 
          scan-out hookup_pin: ScanOut_60 
          shared out: false
          shift_enable: ScanEnable 
          length: 106
          segment objects: none
          analyzed: false
          test_clock domain: ScanClock
          test_clock edge: rise

    Actual Chain:
          object name: chain_61 
          scan-in: ScanIn_61 
          scan-in hookup_pin: ScanIn_61 
          scan-out: ScanOut_61 
          scan-out hookup_pin: ScanOut_61 
          shared out: false
          shift_enable: ScanEnable 
          length: 106
          segment objects: none
          analyzed: false
          test_clock domain: ScanClock
          test_clock edge: rise

    Actual Chain:
          object name: chain_62 
          scan-in: ScanIn_62 
          scan-in hookup_pin: ScanIn_62 
          scan-out: ScanOut_62 
          scan-out hookup_pin: ScanOut_62 
          shared out: false
          shift_enable: ScanEnable 
          length: 106
          segment objects: none
          analyzed: false
          test_clock domain: ScanClock
          test_clock edge: rise

    Actual Chain:
          object name: chain_63 
          scan-in: ScanIn_63 
          scan-in hookup_pin: ScanIn_63 
          scan-out: ScanOut_63 
          scan-out hookup_pin: ScanOut_63 
          shared out: false
          shift_enable: ScanEnable 
          length: 106
          segment objects: none
          analyzed: false
          test_clock domain: ScanClock
          test_clock edge: rise

    Actual Chain:
          object name: chain_64 
          scan-in: ScanIn_64 
          scan-in hookup_pin: ScanIn_64 
          scan-out: ScanOut_64 
          scan-out hookup_pin: ScanOut_64 
          shared out: false
          shift_enable: ScanEnable 
          length: 106
          segment objects: none
          analyzed: false
          test_clock domain: ScanClock
          test_clock edge: rise

    Actual Chain:
          object name: chain_65 
          scan-in: ScanIn_65 
          scan-in hookup_pin: ScanIn_65 
          scan-out: ScanOut_65 
          scan-out hookup_pin: ScanOut_65 
          shared out: false
          shift_enable: ScanEnable 
          length: 106
          segment objects: none
          analyzed: false
          test_clock domain: ScanClock
          test_clock edge: rise

    Actual Chain:
          object name: chain_66 
          scan-in: ScanIn_66 
          scan-in hookup_pin: ScanIn_66 
          scan-out: ScanOut_66 
          scan-out hookup_pin: ScanOut_66 
          shared out: false
          shift_enable: ScanEnable 
          length: 106
          segment objects: none
          analyzed: false
          test_clock domain: ScanClock
          test_clock edge: rise

    Actual Chain:
          object name: chain_67 
          scan-in: ScanIn_67 
          scan-in hookup_pin: ScanIn_67 
          scan-out: ScanOut_67 
          scan-out hookup_pin: ScanOut_67 
          shared out: false
          shift_enable: ScanEnable 
          length: 106
          segment objects: none
          analyzed: false
          test_clock domain: ScanClock
          test_clock edge: rise

    Actual Chain:
          object name: chain_68 
          scan-in: ScanIn_68 
          scan-in hookup_pin: ScanIn_68 
          scan-out: ScanOut_68 
          scan-out hookup_pin: ScanOut_68 
          shared out: false
          shift_enable: ScanEnable 
          length: 106
          segment objects: none
          analyzed: false
          test_clock domain: ScanClock
          test_clock edge: rise

    Actual Chain:
          object name: chain_69 
          scan-in: ScanIn_69 
          scan-in hookup_pin: ScanIn_69 
          scan-out: ScanOut_69 
          scan-out hookup_pin: ScanOut_69 
          shared out: false
          shift_enable: ScanEnable 
          length: 106
          segment objects: none
          analyzed: false
          test_clock domain: ScanClock
          test_clock edge: rise

    Actual Chain:
          object name: chain_70 
          scan-in: ScanIn_70 
          scan-in hookup_pin: ScanIn_70 
          scan-out: ScanOut_70 
          scan-out hookup_pin: ScanOut_70 
          shared out: false
          shift_enable: ScanEnable 
          length: 106
          segment objects: none
          analyzed: false
          test_clock domain: ScanClock
          test_clock edge: rise

    Actual Chain:
          object name: chain_71 
          scan-in: ScanIn_71 
          scan-in hookup_pin: ScanIn_71 
          scan-out: ScanOut_71 
          scan-out hookup_pin: ScanOut_71 
          shared out: false
          shift_enable: ScanEnable 
          length: 106
          segment objects: none
          analyzed: false
          test_clock domain: ScanClock
          test_clock edge: rise

    Actual Chain:
          object name: chain_72 
          scan-in: ScanIn_72 
          scan-in hookup_pin: ScanIn_72 
          scan-out: ScanOut_72 
          scan-out hookup_pin: ScanOut_72 
          shared out: false
          shift_enable: ScanEnable 
          length: 106
          segment objects: none
          analyzed: false
          test_clock domain: ScanClock
          test_clock edge: rise

    Actual Chain:
          object name: chain_73 
          scan-in: ScanIn_73 
          scan-in hookup_pin: ScanIn_73 
          scan-out: ScanOut_73 
          scan-out hookup_pin: ScanOut_73 
          shared out: false
          shift_enable: ScanEnable 
          length: 106
          segment objects: none
          analyzed: false
          test_clock domain: ScanClock
          test_clock edge: rise

    Actual Chain:
          object name: chain_74 
          scan-in: ScanIn_74 
          scan-in hookup_pin: ScanIn_74 
          scan-out: ScanOut_74 
          scan-out hookup_pin: ScanOut_74 
          shared out: false
          shift_enable: ScanEnable 
          length: 106
          segment objects: none
          analyzed: false
          test_clock domain: ScanClock
          test_clock edge: rise

    Actual Chain:
          object name: chain_75 
          scan-in: ScanIn_75 
          scan-in hookup_pin: ScanIn_75 
          scan-out: ScanOut_75 
          scan-out hookup_pin: ScanOut_75 
          shared out: false
          shift_enable: ScanEnable 
          length: 106
          segment objects: none
          analyzed: false
          test_clock domain: ScanClock
          test_clock edge: rise

    Actual Chain:
          object name: chain_76 
          scan-in: ScanIn_76 
          scan-in hookup_pin: ScanIn_76 
          scan-out: ScanOut_76 
          scan-out hookup_pin: ScanOut_76 
          shared out: false
          shift_enable: ScanEnable 
          length: 106
          segment objects: none
          analyzed: false
          test_clock domain: ScanClock
          test_clock edge: rise

    Actual Chain:
          object name: chain_77 
          scan-in: ScanIn_77 
          scan-in hookup_pin: ScanIn_77 
          scan-out: ScanOut_77 
          scan-out hookup_pin: ScanOut_77 
          shared out: false
          shift_enable: ScanEnable 
          length: 106
          segment objects: none
          analyzed: false
          test_clock domain: ScanClock
          test_clock edge: rise

    Actual Chain:
          object name: chain_78 
          scan-in: ScanIn_78 
          scan-in hookup_pin: ScanIn_78 
          scan-out: ScanOut_78 
          scan-out hookup_pin: ScanOut_78 
          shared out: false
          shift_enable: ScanEnable 
          length: 106
          segment objects: none
          analyzed: false
          test_clock domain: ScanClock
          test_clock edge: rise

    Actual Chain:
          object name: chain_79 
          scan-in: ScanIn_79 
          scan-in hookup_pin: ScanIn_79 
          scan-out: ScanOut_79 
          scan-out hookup_pin: ScanOut_79 
          shared out: false
          shift_enable: ScanEnable 
          length: 106
          segment objects: none
          analyzed: false
          test_clock domain: ScanClock
          test_clock edge: rise

    Actual Chain:
          object name: chain_80 
          scan-in: ScanIn_80 
          scan-in hookup_pin: ScanIn_80 
          scan-out: ScanOut_80 
          scan-out hookup_pin: ScanOut_80 
          shared out: false
          shift_enable: ScanEnable 
          length: 106
          segment objects: none
          analyzed: false
          test_clock domain: ScanClock
          test_clock edge: rise

